Waiting for server to be ready...
   Waiting... (1/30)
   Waiting... (2/30)
   Waiting... (3/30)
   Waiting... (4/30)
   Waiting... (5/30)
   Waiting... (6/30)
Server is READY!

Submitting job...
HTTP Status: 502

Failed: 502
Response: {"error":"Proxy error: All connection attempts failed"}
